// Jest Snapshot v1, https://goo.gl/fbAQLP

exports[`The Messenger notifier renders 1`] = `
<Connect(ProtectedComponent)
  authenticate={[MockFunction]}
>
  <ProtectedComponent
    authenticate={[Function]}
    token={null}
    user={false}
  />
</Connect(ProtectedComponent)>
`;

exports[`The Messenger notifier renders to null if not authenticated 1`] = `
<Connect(ProtectedComponent)
  authenticate={[MockFunction]}
>
  <ProtectedComponent
    authenticate={[Function]}
    token={null}
    user={false}
  />
</Connect(ProtectedComponent)>
`;
